// Jest Snapshot v1, https://goo.gl/fbAQLP

exports[`components/dropdown-menu/MenuToggle should correctly render toggle 1`] = `
<span
  className="menu-toggle"
>
  hi
  <IconCaretDown
    className="bdl-Toggle-arrow"
    width={7}
  />
</span>
`;
