// Jest Snapshot v1, https://goo.gl/fbAQLP

exports[`components/pill-selector-dropdown/PillSelector render() should render disabled component 1`] = `
<Tooltip
  constrainToScrollParent={false}
  constrainToWindow={true}
  isDisabled={false}
  isShown={false}
  position="middle-right"
  text=""
  theme="error"
>
  <span
    className="bdl-PillSelector-input-wrapper bdl-is-disabled"
    onBlur={[Function]}
    onClick={[Function]}
    onFocus={[Function]}
    onKeyDown={[Function]}
  >
    <span
      aria-hidden="true"
      className="accessibility-hidden"
      onBlur={[Function]}
      tabIndex={-1}
    />
    <textarea
      autoComplete="off"
      className="bdl-PillSelector-input"
      disabled={true}
      onInput={[Function]}
      placeholder=""
    />
    <SuggestedPillsRow
      selectedPillsValues={Array []}
    />
  </span>
</Tooltip>
`;
